python : EE
At line:1 char:1
+ python c:/roya/products/al
mudeer/backend/tests/verify_
media.py > test ...
+ ~~~~~~~~~~~~~~~~~~~~~~~~~~
~~~~~~~~~~~~~~~~~~~~~~~~~~~~
~~~~~~~~~~~~~~~
    + CategoryInfo          
    : NotSpecified: (EE:St  
  ring) [], RemoteExcepti   
 on
    + FullyQualifiedErrorId 
    : NativeCommandError
 
============================
============================
==============
ERROR: test_exclude_ids (__m
ain__.TestTelegramMedia.test
_exclude_ids)
----------------------------
----------------------------
--------------
Traceback (most recent call 
last):
  File "C:\Users\Asus\AppDat
a\Local\Programs\Python\Pyth
on311\Lib\unittest\async_cas
e.py", line 90, in 
_callTestMethod
    if self._callMaybeAsync(
method) is not None:
       
^^^^^^^^^^^^^^^^^^^^^^^^^^^^
  File "C:\Users\Asus\AppDat
a\Local\Programs\Python\Pyth
on311\Lib\unittest\async_cas
e.py", line 112, in 
_callMaybeAsync
    return 
self._asyncioRunner.run(
           
^^^^^^^^^^^^^^^^^^^^^^^^
  File "C:\Users\Asus\AppDat
a\Local\Programs\Python\Pyth
on311\Lib\asyncio\runners.py
", line 118, in run
    return self._loop.run_un
til_complete(task)
           ^^^^^^^^^^^^^^^^^
^^^^^^^^^^^^^^^^^^
  File "C:\Users\Asus\AppDat
a\Local\Programs\Python\Pyth
on311\Lib\asyncio\base_event
s.py", line 654, in 
run_until_complete
    return future.result()
           ^^^^^^^^^^^^^^^
  File "c:\roya\products\alm
udeer\backend\tests\verify_m
edia.py", line 85, in 
test_exclude_ids
    service = 
TelegramPhoneService()
              
^^^^^^^^^^^^^^^^^^^^^^
  File "c:\roya/products/alm
udeer/backend\services\teleg
ram_phone_service.py", line 
50, in __init__
    raise ValueError(
ValueError: Telegram API 
credentials not configured. 
Set TELEGRAM_API_ID and 
TELEGRAM_API_HASH 
environment variables. Get 
them from 
https://my.telegram.org/apps

============================
============================
==============
ERROR: test_media_download (
__main__.TestTelegramMedia.t
est_media_download)
----------------------------
----------------------------
--------------
Traceback (most recent call 
last):
  File "C:\Users\Asus\AppDat
a\Local\Programs\Python\Pyth
on311\Lib\unittest\async_cas
e.py", line 90, in 
_callTestMethod
    if self._callMaybeAsync(
method) is not None:
       
^^^^^^^^^^^^^^^^^^^^^^^^^^^^
  File "C:\Users\Asus\AppDat
a\Local\Programs\Python\Pyth
on311\Lib\unittest\async_cas
e.py", line 112, in 
_callMaybeAsync
    return 
self._asyncioRunner.run(
           
^^^^^^^^^^^^^^^^^^^^^^^^
  File "C:\Users\Asus\AppDat
a\Local\Programs\Python\Pyth
on311\Lib\asyncio\runners.py
", line 118, in run
    return self._loop.run_un
til_complete(task)
           ^^^^^^^^^^^^^^^^^
^^^^^^^^^^^^^^^^^^
  File "C:\Users\Asus\AppDat
a\Local\Programs\Python\Pyth
on311\Lib\asyncio\base_event
s.py", line 654, in 
run_until_complete
    return future.result()
           ^^^^^^^^^^^^^^^
  File "c:\roya\products\alm
udeer\backend\tests\verify_m
edia.py", line 47, in 
test_media_download
    service = 
TelegramPhoneService()
              
^^^^^^^^^^^^^^^^^^^^^^
  File "c:\roya/products/alm
udeer/backend\services\teleg
ram_phone_service.py", line 
50, in __init__
    raise ValueError(
ValueError: Telegram API 
credentials not configured. 
Set TELEGRAM_API_ID and 
TELEGRAM_API_HASH 
environment variables. Get 
them from 
https://my.telegram.org/apps

----------------------------
----------------------------
--------------
Ran 2 tests in 0.038s

FAILED (errors=2)
